MSBuild auto-detection: using msbuild version '18.7.8.30822' from 'C:\Program Files\Microsoft Visual Studio\18\Enterprise\MSBuild\Current\Bin'.
Restoring NuGet package NUnit.3.14.0.
Restoring NuGet package NUnitLite.3.14.0.
Restoring NuGet package PlayniteSDK.6.16.0.
  GET https://api.nuget.org/v3-flatcontainer/nunitlite/3.14.0/nunitlite.3.14.0.nupkg
  GET https://api.nuget.org/v3-flatcontainer/playnitesdk/6.16.0/playnitesdk.6.16.0.nupkg
  GET https://api.nuget.org/v3-flatcontainer/nunit/3.14.0/nunit.3.14.0.nupkg
  OK https://api.nuget.org/v3-flatcontainer/playnitesdk/6.16.0/playnitesdk.6.16.0.nupkg 9ms
  OK https://api.nuget.org/v3-flatcontainer/nunitlite/3.14.0/nunitlite.3.14.0.nupkg 12ms
  OK https://api.nuget.org/v3-flatcontainer/nunit/3.14.0/nunit.3.14.0.nupkg 12ms
Installed PlayniteSDK 6.16.0 from https://api.nuget.org/v3/index.json to C:\Users\runneradmin\.nuget\packages\playnitesdk\6.16.0 with content hash MYb4x1i0kzKRmyWU3p4jQyBfY/7xSo+xydFOZAnDWU6Y1qrpuXRiyczCAkXbun/AzeXc5WvrSp0Gzp42U2fNaA==.
Adding package 'PlayniteSDK.6.16.0' to folder 'D:\a\PersonalCloudLibrarySource\PersonalCloudLibrarySource\PersonalCloudLibrarySource\packages'
Installed NUnit 3.14.0 from https://api.nuget.org/v3/index.json to C:\Users\runneradmin\.nuget\packages\nunit\3.14.0 with content hash R7iPwD7kbOaP3o2zldWJbWeMQAvDKD0uld27QvA3PAALl1unl7x0v2J7eGiJOYjimV/BuGT4VJmr45RjS7z4LA==.
Adding package 'NUnit.3.14.0' to folder 'D:\a\PersonalCloudLibrarySource\PersonalCloudLibrarySource\PersonalCloudLibrarySource\packages'
Added package 'PlayniteSDK.6.16.0' to folder 'D:\a\PersonalCloudLibrarySource\PersonalCloudLibrarySource\PersonalCloudLibrarySource\packages'
Installed NUnitLite 3.14.0 from https://api.nuget.org/v3/index.json to C:\Users\runneradmin\.nuget\packages\nunitlite\3.14.0 with content hash DLiOwZ4R2IsB4G3rxcBE/pCFoE9nVuT7L0NUe7J9xxWka3rh4eK8DWZeepfacy/3HTwYDXiIMiMUYSspSbA6lA==.
Adding package 'NUnitLite.3.14.0' to folder 'D:\a\PersonalCloudLibrarySource\PersonalCloudLibrarySource\PersonalCloudLibrarySource\packages'
Added package 'NUnit.3.14.0' to folder 'D:\a\PersonalCloudLibrarySource\PersonalCloudLibrarySource\PersonalCloudLibrarySource\packages'
Added package 'NUnitLite.3.14.0' to folder 'D:\a\PersonalCloudLibrarySource\PersonalCloudLibrarySource\PersonalCloudLibrarySource\packages'
  GET https://api.nuget.org/v3/vulnerabilities/index.json
  OK https://api.nuget.org/v3/vulnerabilities/index.json 2ms
  GET https://api.nuget.org/v3-vulnerabilities/2026.07.10.06.21.10/vulnerability.base.json
  GET https://api.nuget.org/v3-vulnerabilities/2026.07.10.06.21.10/2026.07.11.18.21.16/vulnerability.update.json
  OK https://api.nuget.org/v3-vulnerabilities/2026.07.10.06.21.10/vulnerability.base.json 2ms
  OK https://api.nuget.org/v3-vulnerabilities/2026.07.10.06.21.10/2026.07.11.18.21.16/vulnerability.update.json 4ms

NuGet Config files used:
    C:\Users\runneradmin\AppData\Roaming\NuGet\NuGet.Config
    C:\Program Files (x86)\NuGet\Config\Microsoft.VisualStudio.FallbackLocation.config
    C:\Program Files (x86)\NuGet\Config\Microsoft.VisualStudio.Offline.config

Feeds used:
    https://api.nuget.org/v3/index.json
    C:\Program Files (x86)\Microsoft SDKs\NuGetPackages\

Installed:
    3 package(s) to packages.config projects
